2026-08-27 14:19:37 - INFO - Bronze pipeline started successfully
2026-08-27 14:19:37 - INFO - Sending requests to https://companiesmarketcap.com/
2026-08-27 14:19:37 - DEBUG - Starting new HTTPS connection (1): companiesmarketcap.com:443
2026-08-27 14:19:39 - DEBUG - https://companiesmarketcap.com:443 "GET / HTTP/1.1" 200 27538
2026-08-27 14:19:40 - INFO - Response status code success - 200
2026-08-27 14:19:40 - INFO - Inner pages url extracted , Length :16
2026-08-27 14:19:40 - INFO - Data srcaping Started
2026-08-27 14:19:40 - INFO - 1 - url
2026-08-27 14:19:40 - DEBUG - Starting new HTTPS connection (1): companiesmarketcap.com:443
2026-08-27 14:19:42 - DEBUG - https://companiesmarketcap.com:443 "GET / HTTP/1.1" 200 27538
2026-08-27 14:19:42 - INFO - Download data Request send
2026-08-27 14:19:42 - DEBUG - Starting new HTTPS connection (1): companiesmarketcap.com:443
2026-08-27 14:19:44 - DEBUG - https://companiesmarketcap.com:443 "GET /?download=csv HTTP/1.1" 200 None
2026-08-27 14:19:45 - INFO - Status Code200 - C:\Users\fizza\OneDrive\Desktop\data_engineering\companies_cap_ETL\Bronze\2026-08-27\companies_total_market_cap.csv
2026-08-27 14:19:45 - INFO - Downloading file - C:\Users\fizza\OneDrive\Desktop\data_engineering\companies_cap_ETL\Bronze\2026-08-27\companies_total_market_cap.csv
2026-08-27 14:19:45 - INFO - 2 - url
2026-08-27 14:19:45 - DEBUG - Starting new HTTPS connection (1): companiesmarketcap.com:443
2026-08-27 14:19:47 - DEBUG - https://companiesmarketcap.com:443 "GET /most-profitable-companies/ HTTP/1.1" 200 27373
2026-08-27 14:19:47 - INFO - Download data Request send
2026-08-27 14:19:47 - DEBUG - Starting new HTTPS connection (1): companiesmarketcap.com:443
2026-08-27 14:19:48 - DEBUG - https://companiesmarketcap.com:443 "GET /most-profitable-companies/?download=csv HTTP/1.1" 200 None
2026-08-27 14:19:50 - INFO - Status Code200 - C:\Users\fizza\OneDrive\Desktop\data_engineering\companies_cap_ETL\Bronze\2026-08-27\companies_total_earnings_(TTM).csv
2026-08-27 14:19:50 - INFO - Downloading file - C:\Users\fizza\OneDrive\Desktop\data_engineering\companies_cap_ETL\Bronze\2026-08-27\companies_total_earnings_(TTM).csv
2026-08-27 14:19:50 - INFO - 3 - url
2026-08-27 14:19:50 - DEBUG - Starting new HTTPS connection (1): companiesmarketcap.com:443
2026-08-27 14:19:51 - DEBUG - https://companiesmarketcap.com:443 "GET /largest-companies-by-revenue/ HTTP/1.1" 200 27916
2026-08-27 14:19:52 - INFO - Download data Request send
2026-08-27 14:19:52 - DEBUG - Starting new HTTPS connection (1): companiesmarketcap.com:443
2026-08-27 14:19:53 - DEBUG - https://companiesmarketcap.com:443 "GET /largest-companies-by-revenue/?download=csv HTTP/1.1" 200 None
2026-08-27 14:19:54 - INFO - Status Code200 - C:\Users\fizza\OneDrive\Desktop\data_engineering\companies_cap_ETL\Bronze\2026-08-27\companies_total_revenue_(TTM).csv
2026-08-27 14:19:54 - INFO - Downloading file - C:\Users\fizza\OneDrive\Desktop\data_engineering\companies_cap_ETL\Bronze\2026-08-27\companies_total_revenue_(TTM).csv
2026-08-27 14:19:54 - INFO - 4 - url
2026-08-27 14:19:54 - DEBUG - Starting new HTTPS connection (1): companiesmarketcap.com:443
2026-08-27 14:19:56 - DEBUG - https://companiesmarketcap.com:443 "GET /largest-companies-by-number-of-employees/ HTTP/1.1" 200 27434
2026-08-27 14:19:56 - INFO - Download data Request send
2026-08-27 14:19:56 - DEBUG - Starting new HTTPS connection (1): companiesmarketcap.com:443
2026-08-27 14:19:58 - DEBUG - https://companiesmarketcap.com:443 "GET /largest-companies-by-number-of-employees/?download=csv HTTP/1.1" 200 None
2026-08-27 14:19:59 - INFO - Status Code200 - C:\Users\fizza\OneDrive\Desktop\data_engineering\companies_cap_ETL\Bronze\2026-08-27\companies_total_employees_count.csv
2026-08-27 14:19:59 - INFO - Downloading file - C:\Users\fizza\OneDrive\Desktop\data_engineering\companies_cap_ETL\Bronze\2026-08-27\companies_total_employees_count.csv
2026-08-27 14:19:59 - INFO - 5 - url
2026-08-27 14:19:59 - DEBUG - Starting new HTTPS connection (1): companiesmarketcap.com:443
2026-08-27 14:20:01 - DEBUG - https://companiesmarketcap.com:443 "GET /top-companies-by-pe-ratio/ HTTP/1.1" 200 28162
2026-08-27 14:20:01 - INFO - Download data Request send
2026-08-27 14:20:01 - DEBUG - Starting new HTTPS connection (1): companiesmarketcap.com:443
2026-08-27 14:20:03 - DEBUG - https://companiesmarketcap.com:443 "GET /top-companies-by-pe-ratio/?download=csv HTTP/1.1" 200 None
2026-08-27 14:20:06 - INFO - Status Code200 - C:\Users\fizza\OneDrive\Desktop\data_engineering\companies_cap_ETL\Bronze\2026-08-27\companies_average_P_E_ratio_(TTM).csv
2026-08-27 14:20:06 - INFO - Downloading file - C:\Users\fizza\OneDrive\Desktop\data_engineering\companies_cap_ETL\Bronze\2026-08-27\companies_average_P_E_ratio_(TTM).csv
2026-08-27 14:20:06 - INFO - 6 - url
2026-08-27 14:20:06 - DEBUG - Starting new HTTPS connection (1): companiesmarketcap.com:443
2026-08-27 14:20:07 - DEBUG - https://companiesmarketcap.com:443 "GET /top-companies-by-dividend-yield/ HTTP/1.1" 200 27714
2026-08-27 14:20:08 - INFO - Download data Request send
2026-08-27 14:20:08 - DEBUG - Starting new HTTPS connection (1): companiesmarketcap.com:443
2026-08-27 14:20:10 - DEBUG - https://companiesmarketcap.com:443 "GET /top-companies-by-dividend-yield/?download=csv HTTP/1.1" 200 None
2026-08-27 14:20:11 - INFO - Status Code200 - C:\Users\fizza\OneDrive\Desktop\data_engineering\companies_cap_ETL\Bronze\2026-08-27\companies_Dividend_yield_(TTM)_.csv
2026-08-27 14:20:11 - INFO - Downloading file - C:\Users\fizza\OneDrive\Desktop\data_engineering\companies_cap_ETL\Bronze\2026-08-27\companies_Dividend_yield_(TTM)_.csv
2026-08-27 14:20:11 - INFO - 7 - url
2026-08-27 14:20:11 - DEBUG - Starting new HTTPS connection (1): companiesmarketcap.com:443
2026-08-27 14:20:12 - DEBUG - https://companiesmarketcap.com:443 "GET /top-companies-by-market-cap-gain/ HTTP/1.1" 200 27370
2026-08-27 14:20:13 - DEBUG - Download file option not available
2026-08-27 14:20:13 - INFO - 8 - url
2026-08-27 14:20:13 - DEBUG - Starting new HTTPS connection (1): companiesmarketcap.com:443
2026-08-27 14:20:14 - DEBUG - https://companiesmarketcap.com:443 "GET /top-companies-by-market-cap-loss/ HTTP/1.1" 200 26877
2026-08-27 14:20:15 - DEBUG - Download file option not available
2026-08-27 14:20:15 - INFO - 9 - url
2026-08-27 14:20:15 - DEBUG - Starting new HTTPS connection (1): companiesmarketcap.com:443
2026-08-27 14:20:16 - DEBUG - https://companiesmarketcap.com:443 "GET /top-companies-by-operating-margin/ HTTP/1.1" 200 28206
2026-08-27 14:20:17 - INFO - Download data Request send
2026-08-27 14:20:17 - DEBUG - Starting new HTTPS connection (1): companiesmarketcap.com:443
2026-08-27 14:20:18 - DEBUG - https://companiesmarketcap.com:443 "GET /top-companies-by-operating-margin/?download=csv HTTP/1.1" 200 None
2026-08-27 14:20:21 - INFO - Status Code200 - C:\Users\fizza\OneDrive\Desktop\data_engineering\companies_cap_ETL\Bronze\2026-08-27\companies_average_operating_margin_(TTM).csv
2026-08-27 14:20:21 - INFO - Downloading file - C:\Users\fizza\OneDrive\Desktop\data_engineering\companies_cap_ETL\Bronze\2026-08-27\companies_average_operating_margin_(TTM).csv
2026-08-27 14:20:21 - INFO - 10 - url
2026-08-27 14:20:21 - DEBUG - Starting new HTTPS connection (1): companiesmarketcap.com:443
2026-08-27 14:20:22 - DEBUG - https://companiesmarketcap.com:443 "GET /companies-with-the-highest-cost-to-borrow/ HTTP/1.1" 200 27290
2026-08-27 14:20:23 - INFO - Download data Request send
2026-08-27 14:20:23 - DEBUG - Starting new HTTPS connection (1): companiesmarketcap.com:443
2026-08-27 14:20:25 - DEBUG - https://companiesmarketcap.com:443 "GET /companies-with-the-highest-cost-to-borrow/?download=csv HTTP/1.1" 200 None
2026-08-27 14:20:26 - INFO - Status Code200 - C:\Users\fizza\OneDrive\Desktop\data_engineering\companies_cap_ETL\Bronze\2026-08-27\companies_average_cost_to_borrow.csv
2026-08-27 14:20:26 - INFO - Downloading file - C:\Users\fizza\OneDrive\Desktop\data_engineering\companies_cap_ETL\Bronze\2026-08-27\companies_average_cost_to_borrow.csv
2026-08-27 14:20:26 - INFO - 11 - url
2026-08-27 14:20:26 - DEBUG - Starting new HTTPS connection (1): companiesmarketcap.com:443
2026-08-27 14:20:27 - DEBUG - https://companiesmarketcap.com:443 "GET /top-companies-by-total-assets/ HTTP/1.1" 200 27799
2026-08-27 14:20:28 - INFO - Download data Request send
2026-08-27 14:20:28 - DEBUG - Starting new HTTPS connection (1): companiesmarketcap.com:443
2026-08-27 14:20:29 - DEBUG - https://companiesmarketcap.com:443 "GET /top-companies-by-total-assets/?download=csv HTTP/1.1" 200 None
2026-08-27 14:20:31 - INFO - Status Code200 - C:\Users\fizza\OneDrive\Desktop\data_engineering\companies_cap_ETL\Bronze\2026-08-27\companies_total_assets.csv
2026-08-27 14:20:31 - INFO - Downloading file - C:\Users\fizza\OneDrive\Desktop\data_engineering\companies_cap_ETL\Bronze\2026-08-27\companies_total_assets.csv
2026-08-27 14:20:31 - INFO - 12 - url
2026-08-27 14:20:31 - DEBUG - Starting new HTTPS connection (1): companiesmarketcap.com:443
2026-08-27 14:20:32 - DEBUG - https://companiesmarketcap.com:443 "GET /top-companies-by-net-assets/ HTTP/1.1" 200 27744
2026-08-27 14:20:32 - INFO - Download data Request send
2026-08-27 14:20:32 - DEBUG - Starting new HTTPS connection (1): companiesmarketcap.com:443
2026-08-27 14:20:34 - DEBUG - https://companiesmarketcap.com:443 "GET /top-companies-by-net-assets/?download=csv HTTP/1.1" 200 None
2026-08-27 14:20:35 - INFO - Status Code200 - C:\Users\fizza\OneDrive\Desktop\data_engineering\companies_cap_ETL\Bronze\2026-08-27\companies_total_net_assets.csv
2026-08-27 14:20:35 - INFO - Downloading file - C:\Users\fizza\OneDrive\Desktop\data_engineering\companies_cap_ETL\Bronze\2026-08-27\companies_total_net_assets.csv
2026-08-27 14:20:35 - INFO - 13 - url
2026-08-27 14:20:35 - DEBUG - Starting new HTTPS connection (1): companiesmarketcap.com:443
2026-08-27 14:20:36 - DEBUG - https://companiesmarketcap.com:443 "GET /companies-with-the-highest-liabilities/ HTTP/1.1" 200 27781
2026-08-27 14:20:37 - INFO - Download data Request send
2026-08-27 14:20:37 - DEBUG - Starting new HTTPS connection (1): companiesmarketcap.com:443
2026-08-27 14:20:38 - DEBUG - https://companiesmarketcap.com:443 "GET /companies-with-the-highest-liabilities/?download=csv HTTP/1.1" 200 None
2026-08-27 14:20:39 - INFO - Status Code200 - C:\Users\fizza\OneDrive\Desktop\data_engineering\companies_cap_ETL\Bronze\2026-08-27\companies_total_liabilities.csv
2026-08-27 14:20:39 - INFO - Downloading file - C:\Users\fizza\OneDrive\Desktop\data_engineering\companies_cap_ETL\Bronze\2026-08-27\companies_total_liabilities.csv
2026-08-27 14:20:39 - INFO - 14 - url
2026-08-27 14:20:39 - DEBUG - Starting new HTTPS connection (1): companiesmarketcap.com:443
2026-08-27 14:20:41 - DEBUG - https://companiesmarketcap.com:443 "GET /companies-with-the-highest-debt/ HTTP/1.1" 200 27946
2026-08-27 14:20:41 - INFO - Download data Request send
2026-08-27 14:20:41 - DEBUG - Starting new HTTPS connection (1): companiesmarketcap.com:443
2026-08-27 14:20:43 - DEBUG - https://companiesmarketcap.com:443 "GET /companies-with-the-highest-debt/?download=csv HTTP/1.1" 200 None
2026-08-27 14:20:44 - INFO - Status Code200 - C:\Users\fizza\OneDrive\Desktop\data_engineering\companies_cap_ETL\Bronze\2026-08-27\companies_total_debt.csv
2026-08-27 14:20:44 - INFO - Downloading file - C:\Users\fizza\OneDrive\Desktop\data_engineering\companies_cap_ETL\Bronze\2026-08-27\companies_total_debt.csv
2026-08-27 14:20:44 - INFO - 15 - url
2026-08-27 14:20:44 - DEBUG - Starting new HTTPS connection (1): companiesmarketcap.com:443
2026-08-27 14:20:46 - DEBUG - https://companiesmarketcap.com:443 "GET /companies-with-the-highest-cash-on-hand/ HTTP/1.1" 200 28101
2026-08-27 14:20:46 - INFO - Download data Request send
2026-08-27 14:20:46 - DEBUG - Starting new HTTPS connection (1): companiesmarketcap.com:443
2026-08-27 14:20:48 - DEBUG - https://companiesmarketcap.com:443 "GET /companies-with-the-highest-cash-on-hand/?download=csv HTTP/1.1" 200 None
2026-08-27 14:20:49 - INFO - Status Code200 - C:\Users\fizza\OneDrive\Desktop\data_engineering\companies_cap_ETL\Bronze\2026-08-27\companies_total_cash_on_hand.csv
2026-08-27 14:20:49 - INFO - Downloading file - C:\Users\fizza\OneDrive\Desktop\data_engineering\companies_cap_ETL\Bronze\2026-08-27\companies_total_cash_on_hand.csv
2026-08-27 14:20:49 - INFO - 16 - url
2026-08-27 14:20:49 - DEBUG - Starting new HTTPS connection (1): companiesmarketcap.com:443
2026-08-27 14:20:50 - DEBUG - https://companiesmarketcap.com:443 "GET /companies-with-lowest-pb-ratio/ HTTP/1.1" 200 26485
2026-08-27 14:20:51 - INFO - Download data Request send
2026-08-27 14:20:51 - DEBUG - Starting new HTTPS connection (1): companiesmarketcap.com:443
2026-08-27 14:20:52 - DEBUG - https://companiesmarketcap.com:443 "GET /companies-with-lowest-pb-ratio/?download=csv HTTP/1.1" 200 None
2026-08-27 14:20:54 - INFO - Status Code200 - C:\Users\fizza\OneDrive\Desktop\data_engineering\companies_cap_ETL\Bronze\2026-08-27\companies_average_P_B_ratio.csv
2026-08-27 14:20:54 - INFO - Downloading file - C:\Users\fizza\OneDrive\Desktop\data_engineering\companies_cap_ETL\Bronze\2026-08-27\companies_average_P_B_ratio.csv
2026-08-27 14:20:54 - INFO - Bronze pipeline completed successfully
2026-08-27 14:27:02 - INFO - Silver pipeline started successfully
2026-08-27 14:27:02 - INFO - Snapshots added
2026-08-27 14:27:03 - WARNING - Some companies have missing symbol
2026-08-27 14:27:03 - INFO - Silver transformation pipeline ended sucessfully
